<?xml version="1.0" encoding="UTF-8"?>
<config xmlns="http://www.knime.org/2008/09/XMLConfig" xmlns:xsi="http://www.w3.org/2001/XMLSchema-instance" xsi:schemaLocation="http://www.knime.org/2008/09/XMLConfig http://www.knime.org/XMLConfig_2008_09.xsd" key="test">
    <entry key="writeColName" type="xboolean" value="true"/>
    <entry key="writeRowId" type="xboolean" value="true"/>
    <entry key="missingValue_BOOL" type="xboolean" value="false"/>
    <entry key="missingValue" type="xstring" value=""/>
    <entry key="writeRaw" type="xboolean" value="true"/>
    <entry key="openAfterExecution" type="xboolean" value="false"/>
    <config key="columnFilter">
        <entry key="filter-type" type="xstring" value="STANDARD"/>
        <config key="included_names">
            <entry key="array-size" type="xint" value="5"/>
            <entry key="0" type="xstring" value="Universe_0_0"/>
            <entry key="1" type="xstring" value="Universe_0_1"/>
            <entry key="2" type="xstring" value="Universe_1_0"/>
            <entry key="3" type="xstring" value="Universe_1_1"/>
            <entry key="4" type="xstring" value="Cluster Membership"/>
        </config>
        <config key="excluded_names">
            <entry key="array-size" type="xint" value="0"/>
        </config>
        <entry key="enforce_option" type="xstring" value="EnforceExclusion"/>
        <config key="name_pattern">
            <entry key="pattern" type="xstring" value=""/>
            <entry key="caseSensitive" type="xboolean" value="true"/>
            <entry key="excludeMatching" type="xboolean" value="false"/>
            <entry key="type" type="xstring" value="Wildcard"/>
        </config>
        <config key="datatype">
            <config key="typelist"/>
        </config>
    </config>
    <config key="spreadsheetChooser">
        <entry key="spreadsheetId" type="xstring" value="1-4rtLhr3cJAn-IxmtLd6jtNKgh8eTaZcN60XreMAj84"/>
        <entry key="spreadsheetName" type="xstring" value="Lunch KNOffice 2025"/>
        <entry key="firstSheet" type="xboolean" value="false"/>
        <entry key="sheetName" type="xstring" value="09.01."/>
    </config>
    <entry key="clearSheet" type="xboolean" value="false"/>
    <entry key="append" type="xboolean" value="false"/>
    <entry key="range_BOOL" type="xboolean" value="false"/>
    <entry key="range" type="xstring" value=""/>
</config>
