{
  "data" : {
    "model" : {
      "spreadsheetName" : "",
      "sheetName" : "",
      "addColumnHeader" : true,
      "addRowHeader" : false,
      "missingValueReplacement" : null,
      "writeRaw" : true,
      "openAfterExecution" : true,
      "columnFilter" : {
        "mode" : "MANUAL",
        "patternFilter" : {
          "pattern" : "",
          "isCaseSensitive" : true,
          "isInverted" : false
        },
        "manualFilter" : {
          "manuallySelected" : [ "Nombre de la agrupación", "Número de Variaciones", "Variaciones" ],
          "manuallyDeselected" : [ ],
          "includeUnknownColumns" : true
        },
        "typeFilter" : {
          "selectedTypes" : [ ],
          "typeDisplays" : [ ]
        }
      }
    }
  },
  "schema" : {
    "type" : "object",
    "properties" : {
      "model" : {
        "type" : "object",
        "properties" : {
          "addColumnHeader" : {
            "type" : "boolean",
            "title" : "Add column header",
            "description" : "Here you determine whether the column names should be written in the first row.",
            "default" : true
          },
          "addRowHeader" : {
            "type" : "boolean",
            "title" : "Add row header",
            "description" : "Here you determine whether the row ID's should be written in the first column.",
            "default" : true
          },
          "columnFilter" : {
            "type" : "object",
            "properties" : {
              "manualFilter" : {
                "type" : "object",
                "properties" : {
                  "includeUnknownColumns" : {
                    "type" : "boolean",
                    "default" : false
                  },
                  "manuallyDeselected" : {
                    "type" : "array",
                    "items" : {
                      "type" : "string"
                    }
                  },
                  "manuallySelected" : {
                    "type" : "array",
                    "items" : {
                      "type" : "string"
                    }
                  }
                },
                "default" : {
                  "manuallySelected" : [ ],
                  "manuallyDeselected" : [ ],
                  "includeUnknownColumns" : false
                }
              },
              "mode" : {
                "oneOf" : [ {
                  "const" : "MANUAL",
                  "title" : "Manual"
                }, {
                  "const" : "REGEX",
                  "title" : "Regex"
                }, {
                  "const" : "WILDCARD",
                  "title" : "Wildcard"
                }, {
                  "const" : "TYPE",
                  "title" : "Type"
                } ],
                "default" : "MANUAL"
              },
              "patternFilter" : {
                "type" : "object",
                "properties" : {
                  "isCaseSensitive" : {
                    "type" : "boolean",
                    "default" : false
                  },
                  "isInverted" : {
                    "type" : "boolean",
                    "default" : false
                  },
                  "pattern" : {
                    "type" : "string",
                    "default" : ""
                  }
                },
                "default" : {
                  "pattern" : "",
                  "isCaseSensitive" : false,
                  "isInverted" : false
                }
              },
              "selected" : {
                "type" : "array",
                "items" : {
                  "type" : "string"
                }
              },
              "typeFilter" : {
                "type" : "object",
                "properties" : {
                  "selectedTypes" : {
                    "default" : [ ],
                    "type" : "array",
                    "items" : {
                      "type" : "string"
                    }
                  }
                },
                "default" : {
                  "selectedTypes" : [ ],
                  "typeDisplays" : [ ]
                }
              }
            },
            "title" : "Exclude/Include columns",
            "description" : "Select the columns that will be written to the sheet file. If the columns in the input table change, they will automatically be excluded.",
            "default" : {
              "mode" : "MANUAL",
              "patternFilter" : {
                "pattern" : "",
                "isCaseSensitive" : false,
                "isInverted" : false
              },
              "manualFilter" : {
                "manuallySelected" : [ ],
                "manuallyDeselected" : [ ],
                "includeUnknownColumns" : false
              },
              "typeFilter" : {
                "selectedTypes" : [ ],
                "typeDisplays" : [ ]
              }
            }
          },
          "missingValueReplacement" : {
            "type" : [ "string", "null" ],
            "title" : "For missing values write",
            "description" : "By selecting this option, you can specify a string you want to substitute for missing values.\nIf the option is left unchecked, the cells with missing values remain empty.\n",
            "default" : null
          },
          "openAfterExecution" : {
            "type" : "boolean",
            "title" : "Open spreadsheet after execution",
            "description" : "Opens the spreadsheet after it has been written successfully.\nThe spreadsheet will be opened in the systems's default browser.\n",
            "default" : false
          },
          "sheetName" : {
            "type" : "string",
            "title" : "Sheet name",
            "description" : "The name of the sheet to which the table should be written.",
            "default" : ""
          },
          "spreadsheetName" : {
            "type" : "string",
            "title" : "Spreadsheet name",
            "description" : "The name of the spreadsheet to be created.",
            "default" : ""
          },
          "writeRaw" : {
            "type" : "boolean",
            "title" : "Write raw values",
            "description" : "Values are written into the spreadsheet as-is (\"raw\"), i.e. numbers, dates, hyperlinks, etc. will not\nbe parsed. Uncheck the option, if values should be written into the spreadsheet as if they were entered\nvia the Google Sheets website. If unchecked, numbers will stay as numbers, but other strings may be\nconverted to numbers, dates, etc. following the same rules that are applied when entering text into a\ncell via the Google Sheets website. For example, strings like =hyperlink(\"example.com\", \"example\")\nwill be parsed to hyperlinks if this option is unchecked.\n",
            "default" : true
          }
        }
      }
    }
  },
  "ui_schema" : {
    "elements" : [ {
      "label" : "Spreadsheet Settings",
      "type" : "Section",
      "elements" : [ {
        "type" : "Control",
        "scope" : "#/properties/model/properties/spreadsheetName",
        "options" : {
          "placeholder" : "Enter spreadsheet name"
        }
      }, {
        "type" : "Control",
        "scope" : "#/properties/model/properties/sheetName",
        "options" : {
          "placeholder" : "Enter sheet name"
        }
      } ]
    }, {
      "label" : "Write Settings",
      "type" : "Section",
      "elements" : [ {
        "type" : "Control",
        "scope" : "#/properties/model/properties/addColumnHeader",
        "options" : {
          "format" : "checkbox"
        }
      }, {
        "type" : "Control",
        "scope" : "#/properties/model/properties/addRowHeader",
        "options" : {
          "format" : "checkbox"
        }
      }, {
        "type" : "Control",
        "scope" : "#/properties/model/properties/missingValueReplacement",
        "options" : {
          "hideOnNull" : true,
          "default" : ""
        }
      }, {
        "type" : "Control",
        "scope" : "#/properties/model/properties/writeRaw",
        "options" : {
          "format" : "checkbox"
        }
      } ]
    }, {
      "label" : "Outputs",
      "type" : "Section",
      "elements" : [ {
        "type" : "Control",
        "scope" : "#/properties/model/properties/openAfterExecution",
        "options" : {
          "format" : "checkbox"
        }
      }, {
        "type" : "Control",
        "scope" : "#/properties/model/properties/columnFilter",
        "options" : {
          "format" : "typedStringFilter",
          "unknownValuesText" : "Any unknown column",
          "emptyStateLabel" : "No columns in this list."
        },
        "providedOptions" : [ "possibleValues" ]
      } ]
    } ]
  },
  "persist" : {
    "type" : "object",
    "properties" : {
      "model" : {
        "type" : "object",
        "properties" : {
          "spreadsheetName" : { },
          "sheetName" : { },
          "addColumnHeader" : {
            "configKey" : "writeColName"
          },
          "addRowHeader" : {
            "configKey" : "writeRowId"
          },
          "missingValueReplacement" : {
            "configPaths" : [ [ "missingValue_BOOL" ], [ "missingValue" ] ]
          },
          "writeRaw" : { },
          "openAfterExecution" : { },
          "columnFilter" : {
            "configPaths" : [ [ "columnFilter", "filter-type" ], [ "columnFilter", "included_names" ], [ "columnFilter", "excluded_names" ], [ "columnFilter", "enforce_option" ], [ "columnFilter", "name_pattern", "pattern" ], [ "columnFilter", "name_pattern", "type" ], [ "columnFilter", "name_pattern", "caseSensitive" ], [ "columnFilter", "name_pattern", "excludeMatching" ] ]
          }
        }
      }
    }
  },
  "initialUpdates" : [ {
    "scope" : "#/properties/model/properties/columnFilter",
    "providedOptionName" : "possibleValues",
    "values" : [ {
      "indices" : [ ],
      "value" : [ {
        "id" : "Nombre de la agrupación",
        "text" : "Nombre de la agrupación",
        "type" : {
          "id" : "org.knime.core.data.StringValue",
          "text" : "String"
        }
      }, {
        "id" : "Número de Variaciones",
        "text" : "Número de Variaciones",
        "type" : {
          "id" : "org.knime.core.data.IntValue",
          "text" : "Number (Integer)"
        }
      }, {
        "id" : "Variaciones",
        "text" : "Variaciones",
        "type" : {
          "id" : "org.knime.core.data.StringValue",
          "text" : "String"
        }
      }, {
        "id" : "OtherColumn",
        "text" : "OtherColumn",
        "type" : {
          "id" : "org.knime.core.data.DoubleValue",
          "text" : "Number (Float)"
        }
      } ]
    } ]
  } ]
}